../Core/Src/main.c:110:5:main	152	static
../Core/Src/main.c:243:6:SystemClock_Config	72	static
../Core/Src/main.c:280:13:MX_USART1_UART_Init	8	static
../Core/Src/main.c:313:13:MX_GPIO_Init	24	static
../Core/Src/main.c:331:6:sendingTask	32	static
../Core/Src/main.c:346:6:receivingTask	48	static
../Core/Src/main.c:361:6:sendStructTask	32	static
../Core/Src/main.c:388:6:receiveFromStructTask	40	static
../Core/Src/main.c:418:6:receiveFromMultipleTask	64	static
../Core/Src/main.c:435:6:CANBusTask	40	static
../Core/Src/main.c:454:6:HMITask	32	static
../Core/Src/main.c:467:6:ControllerTask	88	static
../Core/Src/main.c:500:6:StartDefaultTask	16	static
../Core/Src/main.c:515:6:Error_Handler	4	static,ignoring_inline_asm
