../Core/Src/main.c:92:5:main	120	static
../Core/Src/main.c:206:6:SystemClock_Config	88	static
../Core/Src/main.c:248:13:MX_USART1_UART_Init	8	static
../Core/Src/main.c:281:13:MX_GPIO_Init	16	static
../Core/Src/main.c:296:6:sendingTask	32	static
../Core/Src/main.c:311:6:receivingTask	48	static
../Core/Src/main.c:326:6:sendStructTask	32	static
../Core/Src/main.c:353:6:receiveFromStructTask	40	static
../Core/Src/main.c:389:6:StartDefaultTask	16	static
../Core/Src/main.c:404:6:Error_Handler	4	static,ignoring_inline_asm
