../Core/Src/main.c:95:5:main	144	static
../Core/Src/main.c:212:6:SystemClock_Config	88	static
../Core/Src/main.c:254:13:MX_USART1_UART_Init	8	static
../Core/Src/main.c:287:13:MX_GPIO_Init	16	static
../Core/Src/main.c:302:6:sendingTask	32	static
../Core/Src/main.c:317:6:receivingTask	48	static
../Core/Src/main.c:332:6:sendStructTask	32	static
../Core/Src/main.c:359:6:receiveFromStructTask	40	static
../Core/Src/main.c:389:6:receiveFromMultipleTask	64	static
../Core/Src/main.c:416:6:StartDefaultTask	16	static
../Core/Src/main.c:431:6:Error_Handler	4	static,ignoring_inline_asm
